ASxxxx Linker V03.00 + NoICE + sdld,  page 1.
Hexadecimal  [32-Bits]

Area                                    Addr        Size        Decimal Bytes (Attributes)
--------------------------------        ----        ----        ------- ----- ------------
.  .ABS.                            00000000    00000000 =           0. bytes (ABS,CON)

      Value  Global                              Global Defined In Module
      -----  --------------------------------   ------------------------
     FFFFFFFF  s_SSEG                          
     00000000  .__.ABS.                           stm8s_clk
     00000000  l_CABS                          
     00000000  l_DABS                          
     00000000  l_DATA                          
     00000000  l_INITIALIZED                   
     00000000  l_INITIALIZER                   
     00000000  l__CODE                         
     00000000  s_CABS                          
     00000000  s_DABS                          
     00000000  s__CODE                         
     00000001  l_SSEG                          
     00000001  s_DATA                          
     00000001  s_INITIALIZED                   
     00000003  l_GSFINAL                       
     00000007  l_HOME                          
     0000000C  l_CONST                         
     0000001A  l_GSINIT                        
     0000054F  l_CODE                          
     00008000  s_HOME                          
     00008007  s_GSINIT                        
     00008021  s_GSFINAL                       
     00008024  s_CONST                         
     00008030  s_CODE                          
     00008030  s_INITIALIZER                   

ASxxxx Linker V03.00 + NoICE + sdld,  page 2.
Hexadecimal  [32-Bits]

Area                                    Addr        Size        Decimal Bytes (Attributes)
--------------------------------        ----        ----        ------- ----- ------------
SSEG                                FFFFFFFF    00000001 =           1. bytes (REL,CON)

      Value  Global                              Global Defined In Module
      -----  --------------------------------   ------------------------
ASxxxx Linker V03.00 + NoICE + sdld,  page 3.
Hexadecimal  [32-Bits]

Area                                    Addr        Size        Decimal Bytes (Attributes)
--------------------------------        ----        ----        ------- ----- ------------
HOME                                00008000    00000007 =           7. bytes (REL,CON)

      Value  Global                              Global Defined In Module
      -----  --------------------------------   ------------------------
ASxxxx Linker V03.00 + NoICE + sdld,  page 4.
Hexadecimal  [32-Bits]

Area                                    Addr        Size        Decimal Bytes (Attributes)
--------------------------------        ----        ----        ------- ----- ------------
GSINIT                              00008007    0000001A =          26. bytes (REL,CON)

      Value  Global                              Global Defined In Module
      -----  --------------------------------   ------------------------
ASxxxx Linker V03.00 + NoICE + sdld,  page 5.
Hexadecimal  [32-Bits]

Area                                    Addr        Size        Decimal Bytes (Attributes)
--------------------------------        ----        ----        ------- ----- ------------
GSFINAL                             00008021    00000003 =           3. bytes (REL,CON)

      Value  Global                              Global Defined In Module
      -----  --------------------------------   ------------------------
ASxxxx Linker V03.00 + NoICE + sdld,  page 6.
Hexadecimal  [32-Bits]

Area                                    Addr        Size        Decimal Bytes (Attributes)
--------------------------------        ----        ----        ------- ----- ------------
CONST                               00008024    0000000C =          12. bytes (REL,CON)

      Value  Global                              Global Defined In Module
      -----  --------------------------------   ------------------------
     00008024  _HSIDivExp                         stm8s_clk
     00008028  _CLKPrescTable                     stm8s_clk

ASxxxx Linker V03.00 + NoICE + sdld,  page 7.
Hexadecimal  [32-Bits]

Area                                    Addr        Size        Decimal Bytes (Attributes)
--------------------------------        ----        ----        ------- ----- ------------
CODE                                00008030    0000054F =        1359. bytes (REL,CON)

      Value  Global                              Global Defined In Module
      -----  --------------------------------   ------------------------
     00008030  _delay                             main
     00008054  _main                              main
     0000806C  _GPIO_DeInit                       stm8s_gpio
     0000807B  _GPIO_Init                         stm8s_gpio
     000080F0  _GPIO_Write                        stm8s_gpio
     000080F6  _GPIO_WriteHigh                    stm8s_gpio
     000080FD  _GPIO_WriteLow                     stm8s_gpio
     0000810B  _GPIO_WriteReverse                 stm8s_gpio
     00008112  _GPIO_ReadOutputData               stm8s_gpio
     00008116  _GPIO_ReadInputData                stm8s_gpio
     0000811B  _GPIO_ReadInputPin                 stm8s_gpio
     00008122  _GPIO_ExternalPullUpConfig         stm8s_gpio
     0000813E  _TIM4_DeInit                       stm8s_tim4
     00008157  _TIM4_TimeBaseInit                 stm8s_tim4
     00008164  _TIM4_Cmd                          stm8s_tim4
     00008177  _TIM4_ITConfig                     stm8s_tim4
     00008194  _TIM4_UpdateDisableConfig          stm8s_tim4
     000081A7  _TIM4_UpdateRequestConfig          stm8s_tim4
     000081BA  _TIM4_SelectOnePulseMode           stm8s_tim4
     000081CD  _TIM4_PrescalerConfig              stm8s_tim4
     000081DA  _TIM4_ARRPreloadConfig             stm8s_tim4
     000081ED  _TIM4_GenerateEvent                stm8s_tim4
     000081F4  _TIM4_SetCounter                   stm8s_tim4
     000081FB  _TIM4_SetAutoreload                stm8s_tim4
     00008202  _TIM4_GetCounter                   stm8s_tim4
     00008206  _TIM4_GetPrescaler                 stm8s_tim4
     0000820A  _TIM4_GetFlagStatus                stm8s_tim4
     00008216  _TIM4_ClearFlag                    stm8s_tim4
     0000821D  _TIM4_GetITStatus                  stm8s_tim4
     00008238  _TIM4_ClearITPendingBit            stm8s_tim4
     0000823F  _CLK_DeInit                        stm8s_clk
     00008276  _CLK_FastHaltWakeUpCmd             stm8s_clk
     00008289  _CLK_HSECmd                        stm8s_clk
     0000829C  _CLK_HSICmd                        stm8s_clk
     000082AF  _CLK_LSICmd                        stm8s_clk
     000082C2  _CLK_CCOCmd                        stm8s_clk
     000082D5  _CLK_ClockSwitchCmd                stm8s_clk
     000082E8  _CLK_SlowActiveHaltWakeUpCmd       stm8s_clk
     000082FB  _CLK_PeripheralClockConfig         stm8s_clk
     00008345  _CLK_ClockSwitchConfig             stm8s_clk
     000083F3  _CLK_HSIPrescalerConfig            stm8s_clk
     00008404  _CLK_CCOConfig                     stm8s_clk
     00008419  _CLK_ITConfig                      stm8s_clk
     00008459  _CLK_SYSCLKConfig                  stm8s_clk
     0000848D  _CLK_SWIMConfig                    stm8s_clk
     000084A0  _CLK_ClockSecuritySystemEnable     stm8s_clk
     000084A5  _CLK_GetSYSCLKSource               stm8s_clk
     000084A9  _CLK_GetClockFreq                  stm8s_clk
     000084FD  _CLK_AdjustHSICalibrationValue     stm8s_clk
     00008508  _CLK_SYSCLKEmergencyClear          stm8s_clk
ASxxxx Linker V03.00 + NoICE + sdld,  page 8.
Hexadecimal  [32-Bits]

Area                                    Addr        Size        Decimal Bytes (Attributes)
--------------------------------        ----        ----        ------- ----- ------------
CODE                                00008030    0000054F =        1359. bytes (REL,CON)

      Value  Global                              Global Defined In Module
      -----  --------------------------------   ------------------------
     0000850D  _CLK_GetFlagStatus                 stm8s_clk
     0000854F  _CLK_GetITStatus                   stm8s_clk
     0000856F  _CLK_ClearITPendingBit             stm8s_clk

ASxxxx Linker V03.00 + NoICE + sdld,  page 9.

Files Linked                              [ module(s) ]

obj/main.rel                              [ main ]
obj/stm8s_gpio.rel                        [ stm8s_gpio ]
obj/stm8s_tim4.rel                        [ stm8s_tim4 ]
obj/stm8s_clk.rel                         [ stm8s_clk ]

ASxxxx Linker V03.00 + NoICE + sdld,  page 10.

User Base Address Definitions

HOME = 0x8000
DATA = 0x0001
SSEG = 0xffffffff

